[2026-10-08T17:47:16+09:00] === 1 준비: p012 · 정책 전 2021-09-24~2021-09-30 · 두 갈래 2021-10-01~2021-10-07 · 명부 p012_ab3w_2000.json
[2026-10-08T17:47:17+09:00] GPU 풀 중계 사용: 기준 eb13feb93d28 | 받아들인 일꾼 ['colab1-a']
[2026-10-08T17:47:17+09:00] === 5 복제: Neo4j 7687 의 그래프를 7688 에 그대로 넣는다
[2026-10-08T17:48:15+09:00]   두 그래프가 같다 (e0070b709086)
[2026-10-08T17:48:15+09:00] === 6 정책: P012 를 정책 있음 쪽(Neo4j 7687)에만 넣는다
[2026-10-08T17:48:20+09:00] === 6b 신청 판단: P012 — 정책 있음 쪽 사람마다 모델이 신청 여부를 정한다
  200/2000
  400/2000
  600/2000
  800/2000
  1000/2000
  1200/2000
  1400/2000
  1600/2000
  1800/2000
  2000/2000
{
 "policy_id": "P012",
 "variant": "v4",
 "day": "2021-10-01",
 "people": 2000,
 "exposed": 2000,
 "knows": 2000,
 "applies": 892,
 "applies_rate": 0.446,
 "measured_reference": "성인 카드 소지자 4,317만 명 중 1,566만 명 신청(36.3%, 10/1~11/30), 10/17 까지 1,401만 명(32.5%). 대조만 하고 조정하지 않는다.",
 "by": {
  "age": {
   "20대": {
    "n": 351,
    "applies_rate": 0.259
   },
   "30대": {
    "n": 352,
    "applies_rate": 0.56
   },
   "40대": {
    "n": 364,
    "applies_rate": 0.772
   },
   "50대": {
    "n": 368,
    "applies_rate": 0.595
   },
   "60대": {
    "n": 316,
    "applies_rate": 0.282
   },
   "70대이상": {
    "n": 249,
    "applies_rate": 0.06
   }
  },
  "income": {
   "": {
    "n": 1,
    "applies_rate": 0.0
   },
   "상": {
    "n": 462,
    "applies_rate": 0.779
   },
   "중": {
    "n": 427,
    "applies_rate": 0.379
   },
   "중상": {
    "n": 426,
    "applies_rate": 0.646
   },
   "중하": {
    "n": 350,
    "applies_rate": 0.2
   },
   "하": {
    "n": 334,
    "applies_rate": 0.075
   }
  },
  "gender": {
   "F": {
    "n": 1038,
    "applies_rate": 0.46
   },
   "M": {
    "n": 962,
    "applies_rate": 0.431
   }
  }
 },
 "attempts": {
  "1": 2000
 }
}
[2026-10-08T17:56:35+09:00]   신청 892 / 2000 명 44.6 % · 안다 2000
[2026-10-08T17:56:35+09:00] === 7 두 갈래: 2021-10-01 부터 7일, 갈래마다 동시 32
[2026-10-08T17:56:35+09:00] [off] 2021-10-01 시도 1
[2026-10-08T17:56:35+09:00] [on] 2021-10-01 시도 1
  /data/ab3w/p012_main/on/metrics: 소비가 있는 사람-날 1707 중 계획 기준선이 쓰인 것 1707 (100.0%)
[2026-10-08T22:42:19+09:00] [on] 2021-10-02 시도 1
  /data/ab3w/p012_main/off/metrics: 소비가 있는 사람-날 1598 중 계획 기준선이 쓰인 것 1598 (100.0%)
[2026-10-08T23:28:57+09:00] [off] 2021-10-02 시도 1
[2026-10-09T04:13:52+09:00] [on] 2021-10-02: 시도 예산(12)을 다 쓴 사람이 있다 — 건너뛰지 않고 멈춘다
[2026-10-09T04:13:52+09:00] FAILED at line 196 — 그래프·출력은 그대로 둔다
[2026-10-09T04:14:06+09:00] === 7 두 갈래: 2021-10-01 부터 7일, 갈래마다 동시 32
[2026-10-09T04:14:06+09:00] [off] 2021-10-02 시도 1
[2026-10-09T04:14:06+09:00] [on] 2021-10-02 시도 1
[2026-10-09T04:27:21+09:00] [on] 2021-10-03 시도 1
[2026-10-09T04:28:32+09:00] [off] 2021-10-03 시도 1
[2026-10-09T10:27:11+09:00] [on] 2021-10-04 시도 1
[2026-10-09T11:01:24+09:00] [off] 2021-10-04 시도 1
[2026-10-09T18:12:14+09:00] [on] 2021-10-05 시도 1
[2026-10-09T18:41:31+09:00] [off] 2021-10-05 시도 1
[2026-10-10T00:50:05+09:00] [on] 2021-10-06 시도 1
[2026-10-10T03:28:59+09:00] [off] 2021-10-06 시도 1
[2026-10-10T10:33:20+09:00] [on] 2021-10-07 시도 1
[2026-10-10T13:51:10+09:00] [off] 2021-10-07 시도 1
  /data/ab3w/p012_main/on/metrics: 소비가 있는 사람-날 12258 중 계획 기준선이 쓰인 것 12258 (100.0%)
  /data/ab3w/p012_main/off/metrics: 소비가 있는 사람-날 11679 중 계획 기준선이 쓰인 것 11679 (100.0%)
Traceback (most recent call last):
  File "/data/repo_ab3w_20261008/scripts/report/export_multi_policy_sector_ledger.py", line 334, in <module>
    raise SystemExit(main())
                     ^^^^^^
  File "/data/repo_ab3w_20261008/scripts/report/export_multi_policy_sector_ledger.py", line 324, in main
    m = export(roster=roster_file(a.roster), days=dates(a.start, a.end), arm=a.arm,
        ^^^^^^^^^^^^^^^^^^^^^^^^^^^^^^^^^^^^^^^^^^^^^^^^^^^^^^^^^^^^^^^^^^^^^^^^^^^
  File "/data/repo_ab3w_20261008/scripts/report/export_multi_policy_sector_ledger.py", line 265, in export
    raise ValueError(f"policy exposure mismatch: {aid} {day}")
ValueError: policy exposure mismatch: AGT_11110515_F_30대_002 2021-10-01
[2026-10-10T18:37:22+09:00] FAILED at line 373 — 그래프·출력은 그대로 둔다
[2026-10-10T18:37:22+09:00] FAILED at line 373 — 그래프·출력은 그대로 둔다
[2026-10-10T18:37:22+09:00] FAILED at line 394 — 그래프·출력은 그대로 둔다
[2026-10-10T18:43:02+09:00] 손 보존: 실행기가 업종 원장 노출 검사(신청제 — 비신청자는 정책이 안 보임)에서 멈춰 같은 명령을 손으로 이어 했다 — /data/ab3w/p012_main/manual_preserve_20261010.log
[2026-10-10T18:43:02+09:00] === 8 보존 on 완료(손)
[2026-10-10T18:43:02+09:00] === 8 보존 off 완료(손)
[2026-10-10T18:43:02+09:00] === 9 채점(손)
[2026-10-10T18:44:25+09:00] === 끝(손): /data/ab3w/p012_main (채점 /data/ab3w/p012_main/score — 모두 통과)
