에이전트 2000명 · 요구 일수 14
  기억 57,640건 · 계획 항목 255,380건 · 상태 28,000건 · 실지출 683,887,430원
  기억이 0 건인 사람 0명 (외출이 없던 사람은 정상)
→ /data/ab3w/p013_main/on/dossier.jsonl
→ /data/ab3w/p013_main/on/dossier.jsonl.manifest.json
  기억 모음 2000명 · 상태 28000 · 기억 57640 · 계획항목 255380
2026-10-10 08:34:31.041+0000 INFO  [o.n.c.d.DumpCommand] Starting dump of database 'neo4j'

Done: 67 files, 4.438GiB processed in 7.178 seconds.
2026-10-10 08:34:39.171+0000 INFO  [o.n.c.d.DumpCommand] Dump completed successfully
neo4j.dump: OK
neo4j_version.txt: OK
[2026-10-10T17:34:52+09:00] 손 보존 on: 기억 모음·그래프 덤프 끝
에이전트 2000명 · 요구 일수 14
  기억 53,710건 · 계획 항목 256,753건 · 상태 28,000건 · 실지출 664,146,695원
  기억이 0 건인 사람 0명 (외출이 없던 사람은 정상)
→ /data/ab3w/p013_main/off/dossier.jsonl
→ /data/ab3w/p013_main/off/dossier.jsonl.manifest.json
  기억 모음 2000명 · 상태 28000 · 기억 53710 · 계획항목 256753
2026-10-10 08:35:43.611+0000 INFO  [o.n.c.d.DumpCommand] Starting dump of database 'neo4j'

Done: 66 files, 4.188GiB processed in 5.884 seconds.
2026-10-10 08:35:50.651+0000 INFO  [o.n.c.d.DumpCommand] Dump completed successfully
neo4j.dump: OK
neo4j_version.txt: OK
[2026-10-10T17:36:03+09:00] 손 보존 off: 기억 모음·그래프 덤프 끝
/data/ab3w/audit_tools/p013_preserve_rest.sh: line 23: AB_MAX_ATTEMPTS: unbound variable
  File "/data/ab3w/audit_tools/export_policy_daily_ledger_known_exception.py", line 12
    from __future__ import annotations
    ^^^^^^^^^^^^^^^^^^^^^^^^^^^^^^^^^^
SyntaxError: from __future__ imports must occur at the beginning of the file
Traceback (most recent call last):
  File "/data/ab3w/audit_tools/export_policy_daily_ledger_known_exception.py", line 30, in <module>
    from paired_grant_effect import dates, read_jsonl, roster_file  # noqa: E402
    ^^^^^^^^^^^^^^^^^^^^^^^^^^^^^^^^^^^^^^^^^^^^^^^^^^^^^^^^^^^^^^
ModuleNotFoundError: No module named 'paired_grant_effect'
/data/ab3w/p013_main/on/policy.ledger.jsonl: 14000 complete citizen-days
[2026-10-10T17:38:20+09:00] === 8 보존 on 완료(손)
/data/ab3w/p013_main/off/sector.ledger.jsonl: 14000 verified citizen-days
/data/ab3w/p013_main/off/policy.ledger.jsonl: 14000 complete citizen-days
[2026-10-10T17:38:47+09:00] === 8 보존 off 완료(손)
[2026-10-10T17:38:47+09:00] === 9 채점(손)
총지출 +1410.1원/인·일 (3.18%, 95% [754.9, 2058.0]) 사람 +1106 / -890 / 동점 4 -> +
Traceback (most recent call last):
  File "/data/repo_ab3w_20261007c/tools/ab3w_anchor_map.py", line 9, in <module>
    from scripts.neo4j_load._common import driver_session
ModuleNotFoundError: No module named 'scripts'
== p013 main: 2000명, 정책 전 7일(2020-05-04~), 두 갈래 7일(2020-05-11~2020-05-17), 정책 P013
  [실패] 실행기가 채점 단계까지 갔다
== p013: 1개 실패
check_outputs.txt
off.policy.ledger.jsonl
off.policy.ledger.jsonl.manifest.json
off.sector.ledger.jsonl
off.sector.ledger.jsonl.manifest.json
on.policy.ledger.jsonl
on.policy.ledger.jsonl.manifest.json
on.sector.ledger.jsonl
on.sector.ledger.jsonl.manifest.json
p013_score.txt
score_ab3w.json
채점 종료 코드 1
[2026-10-10T17:39:37+09:00] === 끝(손): /data/ab3w/p013_main
