[2026-10-07T18:49:29+09:00] === 1 준비: p013 · 정책 전 2020-05-04~2020-05-10 · 두 갈래 2020-05-11~2020-05-17 · 명부 p013_main_2000.json
[2026-10-07T18:49:30+09:00] GPU 풀 중계 사용: 기준 eb13feb93d28 | 받아들인 일꾼 ['colab1-a']
[2026-10-07T18:49:31+09:00] === 2 복원: /data/backup_20260927_pre_pilot → Neo4j 7689 (Day0 2020-05-03)
[2026-10-07T18:50:34+09:00] === 3 정책 전 주: 2020-05-04 부터 7일 (사회 배경 'covid_2021')
[2026-10-07T18:50:34+09:00] [pre] 2020-05-04 시도 1
[2026-10-07T20:26:37+09:00] [pre] 2020-05-05 시도 1
[2026-10-07T23:00:22+09:00] [pre] 2020-05-06 시도 1
[2026-10-08T01:58:39+09:00] [pre] 2020-05-07 시도 1
[2026-10-08T04:53:13+09:00] [pre] 2020-05-08 시도 1
[2026-10-08T07:59:00+09:00] [pre] 2020-05-09 시도 1
[2026-10-08T11:29:43+09:00] [pre] 2020-05-10 시도 1
기준선 2000명 · 평일/주말 칸 3966 · 빈 칸 34 (빈 칸은 엔진이 사람 하나의 값을 쓴다)
  기준선이 있는 사람 2000/2000 (100.0%)
[2026-10-08T15:04:33+09:00] === 5 복제: Neo4j 7689 의 그래프를 7690 에 그대로 넣는다
[2026-10-08T15:05:44+09:00]   두 그래프가 같다 (17b6d2fbef9c)
[2026-10-08T15:05:44+09:00] === 6 정책: P013 를 정책 있음 쪽(Neo4j 7689)에만 넣는다
[2026-10-08T15:05:48+09:00] === 7 두 갈래: 2020-05-11 부터 7일, 갈래마다 동시 32
[2026-10-08T15:05:48+09:00] [off] 2020-05-11 시도 1
[2026-10-08T15:05:48+09:00] [on] 2020-05-11 시도 1
  /data/ab3w/p013_main/off/metrics: 소비가 있는 사람-날 1608 중 계획 기준선이 쓰인 것 1608 (100.0%)
[2026-10-08T21:13:04+09:00] [off] 2020-05-12 시도 1
  /data/ab3w/p013_main/on/metrics: 소비가 있는 사람-날 1664 중 계획 기준선이 쓰인 것 1664 (100.0%)
[2026-10-08T21:22:12+09:00] [on] 2020-05-12 시도 1
[2026-10-09T02:51:07+09:00] [on] 2020-05-13 시도 1
[2026-10-09T03:09:55+09:00] [off] 2020-05-13 시도 1
[2026-10-09T08:19:18+09:00] [on] 2020-05-13: 시도 예산(12)을 다 쓴 사람이 있다 — 건너뛰지 않고 멈춘다
[2026-10-09T08:19:18+09:00] FAILED at line 194 — 그래프·출력은 그대로 둔다
[2026-10-09T08:19:25+09:00] === 7 두 갈래: 2020-05-11 부터 7일, 갈래마다 동시 32
[2026-10-09T08:19:25+09:00] [on] 2020-05-13 시도 1
[2026-10-09T08:19:25+09:00] [off] 2020-05-13 시도 1
[2026-10-09T08:29:28+09:00] [on] 2020-05-14 시도 1
[2026-10-09T08:31:57+09:00] [off] 2020-05-14 시도 1
[2026-10-09T14:09:10+09:00] [on] 2020-05-15 시도 1
[2026-10-09T14:29:01+09:00] [off] 2020-05-15 시도 1
[2026-10-09T20:50:12+09:00] [on] 2020-05-16 시도 1
[2026-10-09T21:16:51+09:00] [off] 2020-05-16 시도 1
[2026-10-10T06:58:50+09:00] [on] 2020-05-17 시도 1
[2026-10-10T07:35:36+09:00] [off] 2020-05-17 시도 1
  /data/ab3w/p013_main/on/metrics: 소비가 있는 사람-날 12180 중 계획 기준선이 쓰인 것 12180 (100.0%)
  /data/ab3w/p013_main/off/metrics: 소비가 있는 사람-날 11845 중 계획 기준선이 쓰인 것 11845 (100.0%)
/data/ab3w/p013_main/on/sector.ledger.jsonl: 14000 verified citizen-days
Traceback (most recent call last):
  File "/data/repo_ab3w_20261007c/scripts/report/export_policy_daily_ledger.py", line 363, in <module>
    raise SystemExit(main())
                     ^^^^^^
  File "/data/repo_ab3w_20261007c/scripts/report/export_policy_daily_ledger.py", line 354, in main
    count = export(roster=roster_file(args.roster), days=dates(args.start, args.end),
            ^^^^^^^^^^^^^^^^^^^^^^^^^^^^^^^^^^^^^^^^^^^^^^^^^^^^^^^^^^^^^^^^^^^^^^^^^
  File "/data/repo_ab3w_20261007c/scripts/report/export_policy_daily_ledger.py", line 272, in export
    metrics_by_day = {day: verify_metrics(metrics_dir / f"day_{day}.jsonl",
                           ^^^^^^^^^^^^^^^^^^^^^^^^^^^^^^^^^^^^^^^^^^^^^^^^
  File "/data/repo_ab3w_20261007c/scripts/report/export_policy_daily_ledger.py", line 142, in verify_metrics
    raise ValueError(f"grant due but not delivered: {path} {aid}")
ValueError: grant due but not delivered: /data/ab3w/p013_main/on/metrics/day_2020-05-16.jsonl AGT_11530530_F_50대_004
[2026-10-10T17:32:11+09:00] FAILED at line 356 — 그래프·출력은 그대로 둔다
[2026-10-10T17:32:11+09:00] FAILED at line 356 — 그래프·출력은 그대로 둔다
[2026-10-10T17:32:11+09:00] FAILED at line 374 — 그래프·출력은 그대로 둔다
[2026-10-10T17:39:50+09:00] 손 보존: 실행기가 정책 원장 검사(빈 페르소나 1명 지급 0원)에서 멈춰 같은 명령을 손으로 이어 했다 — /data/ab3w/p013_main/manual_preserve_20261010.log
[2026-10-10T17:39:50+09:00] === 8 보존 on 완료(손)
[2026-10-10T17:39:50+09:00] === 8 보존 off 완료(손)
[2026-10-10T17:39:50+09:00] === 9 채점(손)
[2026-10-10T17:40:47+09:00] === 끝(손): /data/ab3w/p013_main (채점 /data/ab3w/p013_main/score — 모두 통과)
