[2026-10-08T21:21:15+09:00] === 1 준비: distancing · 정책 전 2020-11-17~2020-11-23 · 두 갈래 2020-11-24~2020-11-30 · 명부 distancing_ab3w_2000.json
[2026-10-08T21:21:16+09:00] GPU 풀 중계 사용: 기준 eb13feb93d28 | 받아들인 일꾼 ['colab1-a', 'colab2-a']
[2026-10-08T21:21:16+09:00] === 2 복원: /data/backup_20260927_pre_pilot → Neo4j 7691 (Day0 2020-11-16)
[2026-10-08T21:22:12+09:00] === 3 정책 전 주: 2020-11-17 부터 7일 (사회 배경 'covid_2021')
[2026-10-08T21:22:12+09:00] [pre] 2020-11-17 시도 1
[2026-10-08T23:05:16+09:00] [pre] 2020-11-18 시도 1
[2026-10-09T01:22:00+09:00] [pre] 2020-11-19 시도 1
[2026-10-09T03:00:51+09:00] [pre] 2020-11-20 시도 1
[2026-10-09T05:32:18+09:00] [pre] 2020-11-21 시도 1
[2026-10-09T07:52:31+09:00] [pre] 2020-11-22 시도 1
[2026-10-09T09:52:39+09:00] [pre] 2020-11-23 시도 1
기준선 1999명 · 평일/주말 칸 3952 · 빈 칸 46 (빈 칸은 엔진이 사람 하나의 값을 쓴다)
  기준선이 있는 사람 1999/2000 (100.0%)
[2026-10-09T12:29:47+09:00] === 5 복제: Neo4j 7691 의 그래프를 7692 에 그대로 넣는다
[2026-10-09T12:31:16+09:00]   두 그래프가 같다 (7e9f293f1a65)
[2026-10-09T12:31:16+09:00] === 6 정책: 환경형 — 정책 있음 'covid_2021' / 정책 없음 'covid_2020_hold_1123'
[2026-10-09T12:31:18+09:00] === 7 두 갈래: 2020-11-24 부터 7일, 갈래마다 동시 32
[2026-10-09T12:31:18+09:00] [on] 2020-11-24 시도 1
[2026-10-09T12:31:18+09:00] [off] 2020-11-24 시도 1
  /data/ab3w/distancing_main/off/metrics: 소비가 있는 사람-날 1735 중 계획 기준선이 쓰인 것 1734 (99.9%)
[2026-10-09T15:20:30+09:00] [off] 2020-11-25 시도 1
  /data/ab3w/distancing_main/on/metrics: 소비가 있는 사람-날 1732 중 계획 기준선이 쓰인 것 1732 (100.0%)
[2026-10-09T15:27:45+09:00] [on] 2020-11-25 시도 1
[2026-10-09T18:02:36+09:00] [on] 2020-11-26 시도 1
[2026-10-09T18:05:10+09:00] [off] 2020-11-26 시도 1
[2026-10-09T21:03:04+09:00] [on] 2020-11-27 시도 1
[2026-10-09T21:07:55+09:00] [off] 2020-11-27 시도 1
[2026-10-10T01:40:45+09:00] [on] 2020-11-28 시도 1
[2026-10-10T02:23:33+09:00] [off] 2020-11-28 시도 1
[2026-10-10T06:18:35+09:00] [on] 2020-11-29 시도 1
[2026-10-10T06:37:29+09:00] [off] 2020-11-29 시도 1
[2026-10-10T12:52:54+09:00] [on] 2020-11-30 시도 1
[2026-10-10T13:16:14+09:00] [off] 2020-11-30 시도 1
  /data/ab3w/distancing_main/on/metrics: 소비가 있는 사람-날 12050 중 계획 기준선이 쓰인 것 12046 (100.0%)
  /data/ab3w/distancing_main/off/metrics: 소비가 있는 사람-날 12318 중 계획 기준선이 쓰인 것 12311 (99.9%)
/data/ab3w/distancing_main/on/sector.ledger.jsonl: 14000 verified citizen-days
/data/ab3w/distancing_main/on/distancing.ledger.jsonl: 14000 complete citizen-days
에이전트 2000명 · 요구 일수 14
  기억 52,384건 · 계획 항목 252,872건 · 상태 28,000건 · 실지출 621,957,055원
  기억이 0 건인 사람 0명 (외출이 없던 사람은 정상)
→ /data/ab3w/distancing_main/on/dossier.jsonl
→ /data/ab3w/distancing_main/on/dossier.jsonl.manifest.json
  기억 모음 2000명 · 상태 28000 · 기억 52384 · 계획항목 252872
[2026-10-10T17:10:58+09:00] === 8 보존 on 완료
/data/ab3w/distancing_main/off/sector.ledger.jsonl: 14000 verified citizen-days
/data/ab3w/distancing_main/off/distancing.ledger.jsonl: 14000 complete citizen-days
에이전트 2000명 · 요구 일수 14
  기억 54,372건 · 계획 항목 254,722건 · 상태 28,000건 · 실지출 640,209,032원
  기억이 0 건인 사람 0명 (외출이 없던 사람은 정상)
→ /data/ab3w/distancing_main/off/dossier.jsonl
→ /data/ab3w/distancing_main/off/dossier.jsonl.manifest.json
  기억 모음 2000명 · 상태 28000 · 기억 54372 · 계획항목 254722
[2026-10-10T17:12:30+09:00] === 8 보존 off 완료
[2026-10-10T17:12:30+09:00] === 9 채점
총지출 -1303.7원/인·일 (-2.98%, 95% [-1895.8, -731.7]) 사람 +931 / -1062 / 동점 7 -> -
== distancing main: 2000명, 정책 전 7일(2020-11-17~), 두 갈래 7일(2020-11-24~2020-11-30), 정책 (환경형)
== distancing: 모두 통과
check_outputs.txt
distancing_score.json
distancing_score.txt
off.distancing.ledger.jsonl
off.distancing.ledger.jsonl.manifest.json
off.sector.ledger.jsonl
off.sector.ledger.jsonl.manifest.json
on.distancing.ledger.jsonl
on.distancing.ledger.jsonl.manifest.json
on.sector.ledger.jsonl
on.sector.ledger.jsonl.manifest.json
score_ab3w.json
[2026-10-10T17:13:15+09:00] === 끝: /data/ab3w/distancing_main (채점 /data/ab3w/distancing_main/score)
